../utils/Src/functions.c:25:6:I2C_Write_Register	32	static
../utils/Src/functions.c:48:6:I2C_Read_Register	24	static
../utils/Src/functions.c:70:6:hardwareReset	24	static
../utils/Src/functions.c:83:6:setDefaultValue	8	static
../utils/Src/functions.c:95:6:clockSelection	8	static
../utils/Src/functions.c:105:6:InitSensors	8	static
../utils/Src/functions.c:119:10:rawTempMeasure	16	static
../utils/Src/functions.c:136:6:getTempOffset	24	static
../utils/Src/functions.c:151:7:tempCalibration	24	static
../utils/Src/functions.c:157:7:TempMeasure	16	static
../utils/Src/functions.c:169:9:getFS	24	static
../utils/Src/functions.c:183:7:getSensitivity	16	static
../utils/Src/functions.c:197:7:combineLH	16	static
../utils/Src/functions.c:205:8:calibrateValue	24	static
../utils/Src/functions.c:212:6:componentMeasure	72	static
../utils/Src/functions.c:243:7:getVectorNorm	24	static
../utils/Src/functions.c:254:6:AccMeasure	16	static
../utils/Src/functions.c:266:6:GyroMeasure	16	static
../utils/Src/functions.c:277:6:ConfigureI2CSlave	24	static
../utils/Src/functions.c:282:6:SetSlaveRegister	16	static
../utils/Src/functions.c:286:6:ConfigureSlaveControl	24	static
../utils/Src/functions.c:291:9:ReadMagnetometerWhoAmI	16	static
../utils/Src/functions.c:303:6:ConfigureMagnetometer	24	static
../utils/Src/functions.c:310:6:MagMeasure	72	static
