../utils/Src/functions.c:25:6:I2C_Write_Register	32	static
../utils/Src/functions.c:48:6:I2C_Read_Register	24	static
../utils/Src/functions.c:70:6:hardwareReset	24	static
../utils/Src/functions.c:83:6:setDefaultValue	8	static
../utils/Src/functions.c:95:6:clockSelection	8	static
../utils/Src/functions.c:105:6:InitSensors	8	static
../utils/Src/functions.c:119:10:rawTempMeasure	16	static
../utils/Src/functions.c:136:6:getTempOffset	24	static
../utils/Src/functions.c:151:7:tempCalibration	24	static
../utils/Src/functions.c:157:7:TempMeasure	16	static
../utils/Src/functions.c:168:7:combineLH	16	static
../utils/Src/functions.c:172:7:calibrateAcc	16	static
../utils/Src/functions.c:179:6:AccMeasure	40	static
